Testing AssetManagementSystem constructor...
AssetManagementSystem type: function
AssetManagementSystem constructor: Function
Is function: true
Γ£à Successfully created AssetManagementSystem instance
Instance type: object
